Array
(
    [time] => 2026-05-07 20:16:51
    [post] => Array
        (
            [action] => saveSupportTicket
            [subject] => dsfas
            [message] => fasdfadsf
        )

    [session_exists] => 
    [session_user] => 
    [session_firm] => 
    [root] => C:\xampp\htdocs\puantoryeni
    [target] => C:\xampp\htdocs\puantoryeni\mobile\api\supports/../../../api/supports/tickets.php
    [target_exists] => 1
    [api_output] => {"status":"success","message":"Destek talebiniz ba\u015far\u0131yla olu\u015fturuldu."}
)

====================
Array
(
    [time] => 2026-06-28 13:58:40
    [post] => Array
        (
            [action] => newTicketMessage
            [support_id] => 0veEspjcCxVGGzkO-UdN-GE46FJDTE2Na_TfYhc*
            [message] => kontrol edildi geliyor
        )

    [session_exists] => 
    [session_user] => 
    [session_firm] => 
    [root] => /opt/lampp/htdocs/puantoryeni
    [target] => /opt/lampp/htdocs/puantoryeni/mobile/api/supports/../../../api/supports/tickets.php
    [target_exists] => 1
    [api_output] => {"status":"success","message":"Mesaj\u0131n\u0131z ba\u015far\u0131yla g\u00f6nderildi."}
)

====================
Array
(
    [time] => 2026-07-25 20:38:05
    [post] => Array
        (
            [action] => saveSupportTicket
            [subject] => hata
            [message] => burada bir hata var mı
        )

    [session_exists] => 
    [session_user] => 
    [session_firm] => 
    [root] => /opt/lampp/htdocs/puantoryeni
    [target] => /opt/lampp/htdocs/puantoryeni/mobile/api/supports/../../../api/supports/tickets.php
    [target_exists] => 1
    [exception] => Array
        (
            [message] => SMTP Error: The following recipients failed: destek@puantor.com.tr: SMTP AUTH is required for message submission on port 465
mbeyazilim@gmail.com: 
            [file] => /opt/lampp/htdocs/puantoryeni/vendor/phpmailer/phpmailer/src/PHPMailer.php
            [line] => 2124
        )

)

====================
